Zone Vnum List
**************

0       - Limbo - Internal              
9       - The River Island              
12      - God Complex               
21      - Pandion's Fido Fest
25      - High Tower Of Sorcery        
26      - High Tower Of Sorcery         
30      - Midgaard City                 
31      - Midgaard City                 
32      - Midgaard River               
35      - Miden'nir                   
36      - The Level 10 Chessboard                
37      - The Level 100 Chessboard
40      - Moria                     
41      - Moria                    
50      - Great Eastern Desert     
51      - Drow City               
52      - Old Thalos             
53      - Great Pyramid                 
54      - New Thalos
55      - New Thalos
56      - New Thalos Wilderness
60      - Haon-Dor-Light Forest
61      - Haon-Dor-Dark Forest
63      - Arachnos
65      - Dwarven Kingdom
66      - Sundhaven
70      - Sewers
71      - Sewers
72      - Sewers
73      - Sewers
79      - Redferne's Residence
90      - Wasteland
99      - Ghenna
115     - The Mortal Housing Estate
120     - Rome
150     - King Welmar's Castle
186     - Newbie Zone
190     - The Elven Woods
211     - Zedd Town
